// Jest Snapshot v1, https://goo.gl/fbAQLP

exports[`renders correctly 1`] = `
<div>
  <h2>
    Mathmatics is not about numbers, equations, computations, or algorithms: it is about understanding. - William Paul Thurston
  </h2>
</div>
`;
