// Jest Snapshot v1, https://goo.gl/fbAQLP

exports[`Render correctly 1`] = `<header />`;
